// Jest Snapshot v1, https://goo.gl/fbAQLP

exports[`BasicLayout ðŸ¥© base use 1`] = `"<section class=\\"ant-layout\\"><aside class=\\"ant-pro-sider-menu-sider ant-layout-sider ant-layout-sider-dark\\" style=\\"flex:0 0 256px;max-width:256px;min-width:256px;width:256px\\"><div class=\\"ant-layout-sider-children\\"><div class=\\"ant-pro-sider-menu-logo\\" id=\\"logo\\"><a><img src alt=\\"logo\\"><h1>Ant Design Pro</h1></a></div><ul style=\\"padding:16px 0;width:100%\\" class=\\"ant-menu ant-pro-sider-menu ant-menu-dark ant-menu-root ant-menu-inline\\" role=\\"menu\\"></ul><div></div></div></aside><section class=\\"ant-layout\\" style=\\"min-height:100vh\\"><header class=\\"ant-layout-header\\" style=\\"padding:0;width:100%;z-index:2\\"><div class=\\"ant-pro-global-header\\"><span class=\\"ant-pro-global-header-trigger\\"><i aria-label=\\"icon: menu-fold\\" class=\\"anticon anticon-menu-fold\\"><svg viewBox=\\"64 64 896 896\\" class=\\"\\" data-icon=\\"menu-fold\\" width=\\"1em\\" height=\\"1em\\" fill=\\"currentColor\\" aria-hidden=\\"true\\" focusable=\\"false\\"><path d=\\"M408 442h480c4.4 0 8-3.6 8-8v-56c0-4.4-3.6-8-8-8H408c-4.4 0-8 3.6-8 8v56c0 4.4 3.6 8 8 8zm-8 204c0 4.4 3.6 8 8 8h480c4.4 0 8-3.6 8-8v-56c0-4.4-3.6-8-8-8H408c-4.4 0-8 3.6-8 8v56zm504-486H120c-4.4 0-8 3.6-8 8v56c0 4.4 3.6 8 8 8h784c4.4 0 8-3.6 8-8v-56c0-4.4-3.6-8-8-8zm0 632H120c-4.4 0-8 3.6-8 8v56c0 4.4 3.6 8 8 8h784c4.4 0 8-3.6 8-8v-56c0-4.4-3.6-8-8-8zM115.4 518.9L271.7 642c5.8 4.6 14.4.5 14.4-6.9V388.9c0-7.4-8.5-11.5-14.4-6.9L115.4 505.1a8.74 8.74 0 0 0 0 13.8z\\"/></svg></i></span></div></header><main class=\\"ant-pro-basicLayout-content ant-layout-content\\" style=\\"padding-top:0\\"></main><footer class=\\"ant-layout-footer\\" style=\\"padding:0\\"><footer class=\\"ant-pro-global-footer\\"><div class=\\"ant-pro-global-footer-links\\"><a title=\\"Ant Design Pro\\" target=\\"_blank\\" href=\\"https://pro.ant.design\\">Ant Design Pro</a><a title=\\"github\\" target=\\"_blank\\" href=\\"https://github.com/ant-design/ant-design-pro\\"><i aria-label=\\"icon: github\\" class=\\"anticon anticon-github\\"><svg viewBox=\\"64 64 896 896\\" class=\\"\\" data-icon=\\"github\\" width=\\"1em\\" height=\\"1em\\" fill=\\"currentColor\\" aria-hidden=\\"true\\" focusable=\\"false\\"><path d=\\"M511.6 76.3C264.3 76.2 64 276.4 64 523.5 64 718.9 189.3 885 363.8 946c23.5 5.9 19.9-10.8 19.9-22.2v-77.5c-135.7 15.9-141.2-73.9-150.3-88.9C215 726 171.5 718 184.5 703c30.9-15.9 62.4 4 98.9 57.9 26.4 39.1 77.9 32.5 104 26 5.7-23.5 17.9-44.5 34.7-60.8-140.6-25.2-199.2-111-199.2-213 0-49.5 16.3-95 48.3-131.7-20.4-60.5 1.9-112.3 4.9-120 58.1-5.2 118.5 41.6 123.2 45.3 33-8.9 70.7-13.6 112.9-13.6 42.4 0 80.2 4.9 113.5 13.9 11.3-8.6 67.3-48.8 121.3-43.9 2.9 7.7 24.7 58.3 5.5 118 32.4 36.8 48.9 82.7 48.9 132.3 0 102.2-59 188.1-200 212.9a127.5 127.5 0 0 1 38.1 91v112.5c.8 9 0 17.9 15 17.9 177.1-59.7 304.6-227 304.6-424.1 0-247.2-200.4-447.3-447.5-447.3z\\"/></svg></i></a><a title=\\"Ant Design\\" target=\\"_blank\\" href=\\"https://ant.design\\">Ant Design</a></div><div class=\\"ant-pro-global-footer-copyright\\">Copyright <i aria-label=\\"icon: copyright\\" class=\\"anticon anticon-copyright\\"><svg viewBox=\\"64 64 896 896\\" class=\\"\\" data-icon=\\"copyright\\" width=\\"1em\\" height=\\"1em\\" fill=\\"currentColor\\" aria-hidden=\\"true\\" focusable=\\"false\\"><path d=\\"M512 64C264.6 64 64 264.6 64 512s200.6 448 448 448 448-200.6 448-448S759.4 64 512 64zm0 820c-205.4 0-372-166.6-372-372s166.6-372 372-372 372 166.6 372 372-166.6 372-372 372zm5.6-532.7c53 0 89 33.8 93 83.4.3 4.2 3.8 7.4 8 7.4h56.7c2.6 0 4.7-2.1 4.7-4.7 0-86.7-68.4-147.4-162.7-147.4C407.4 290 344 364.2 344 486.8v52.3C344 660.8 407.4 734 517.3 734c94 0 162.7-58.8 162.7-141.4 0-2.6-2.1-4.7-4.7-4.7h-56.8c-4.2 0-7.6 3.2-8 7.3-4.2 46.1-40.1 77.8-93 77.8-65.3 0-102.1-47.9-102.1-133.6v-52.6c.1-87 37-135.5 102.2-135.5z\\"/></svg></i> 2019 &#x8682;&#x8681;&#x91D1;&#x670D;&#x4F53;&#x9A8C;&#x6280;&#x672F;&#x90E8;&#x51FA;&#x54C1;</div></footer></footer></section></section>"`;
